// Jest Snapshot v1, https://goo.gl/fbAQLP

exports[`<SongContainer /> container tests should render and match the snapshot 1`] = `
<body>
  <div>
    <div>
      <h3>
        Get itune song details
      </h3>
      <input
        class="ant-input SongContainer__StyledInput-sc-1lfsiot-0 loJJPT"
        placeholder="enter artist"
        type="text"
        value=""
      />
    </div>
  </div>
</body>
`;
